[     116ms] [LOG] [Fast Refresh] rebuilding @ http://localhost:3000/_next/static/chunks/1c00e_next_dist_eea94517._.js:2297
[    1622ms] [LOG] [Fast Refresh] done in 1606ms @ http://localhost:3000/_next/static/chunks/1c00e_next_dist_eea94517._.js:2297
[    1723ms] [LOG] [Fast Refresh] rebuilding @ http://localhost:3000/_next/static/chunks/1c00e_next_dist_eea94517._.js:2297
[    1992ms] [INFO] %cDownload the React DevTools for a better development experience: https://react.dev/link/react-devtools font-weight:bold @ http://localhost:3000/_next/static/chunks/1c00e_next_dist_eea94517._.js:2297
[    2037ms] [LOG] [HMR] connected @ http://localhost:3000/_next/static/chunks/1c00e_next_dist_eea94517._.js:2297
[    2181ms] [LOG] [Fast Refresh] rebuilding @ http://localhost:3000/_next/static/chunks/1c00e_next_dist_eea94517._.js:2297
[    2304ms] Error: Hydration failed because the server rendered text didn't match the client. As a result this tree will be regenerated on the client. This can happen if a SSR-ed Client Component used:

- A server/client branch `if (typeof window !== 'undefined')`.
- Variable input such as `Date.now()` or `Math.random()` which changes each time it's called.
- Date formatting in a user's locale which doesn't match the server.
- External changing data without sending a snapshot of it along with the HTML.
- Invalid HTML tag nesting.

It can also happen if the client has a browser extension installed which messes with the HTML before React loaded.

https://react.dev/link/hydration-mismatch

  ...
    <RenderFromTemplateContext>
      <ScrollAndFocusHandler segmentPath={[...]}>
        <InnerScrollAndFocusHandler segmentPath={[...]} focusAndScrollRef={{apply:false, ...}}>
          <ErrorBoundary errorComponent={undefined} errorStyles={undefined} errorScripts={undefined}>
            <LoadingBoundary name="events/" loading={null}>
              <HTTPAccessFallbackBoundary notFound={undefined} forbidden={undefined} unauthorized={undefined}>
                <RedirectBoundary>
                  <RedirectErrorBoundary router={{...}}>
                    <InnerLayoutRouter url="/events" tree={[...]} params={{}} cacheNode={{rsc:<Fragment>, ...}} ...>
                      <SegmentViewNode type="page" pagePath="/Projects/...">
                        <SegmentTrieNode>
                        <ClientPageRoot Component={function Events} serverProvidedParams={{...}}>
                          <Events params={Promise} searchParams={Promise}>
                            <div
+                             className="relative w-full min-h-screen bg-[#020202] text-white selection:bg-cyan-500/30..."
-                             className="jsx-3d19c5d01b50b166 relative w-full min-h-screen bg-[#020202] text-white sel..."
                            >
                              <CubeBackground>
                              <SharedHeader>
                              <motion.div>
                              <main
+                               className="relative z-10 max-w-[1600px] mx-auto pt-24 md:pt-32 pb-16 md:pb-24 px-4 md:..."
-                               className="jsx-3d19c5d01b50b166 relative z-10 max-w-[1600px] mx-auto pt-24 md:pt-32 pb..."
                              >
                                <div
+                                 className="mb-10 md:mb-20 flex flex-col md:flex-row md:items-end justify-between gap-4"
-                                 className="jsx-3d19c5d01b50b166 mb-10 md:mb-20 flex flex-col md:flex-row md:items-en..."
                                >
                                  <div
+                                   className="space-y-3"
-                                   className="jsx-3d19c5d01b50b166 space-y-3"
                                  >
                                    <h1
+                                     className={"font-['Conthrax',_sans-serif] text-3xl sm:text-5xl md:text-7xl text..."}
-                                     className={"jsx-3d19c5d01b50b166 font-['Conthrax',_sans-serif] text-3xl sm:text..."}
                                    >
                                      <span
+                                       className="text-cyan-400 drop-shadow-[0_0_15px_rgba(0,247,255,0.4)]"
-                                       className="jsx-3d19c5d01b50b166 text-cyan-400 drop-shadow-[0_0_15px_rgba(0,247..."
                                      >
+                                       Registry
                                  <div
+                                   className="hidden lg:block text-right"
-                                   className="jsx-3d19c5d01b50b166 hidden lg:block text-right"
                                  >
                                    <p
+                                     className={"font-['Orbitron',_sans-serif] text-[10px] text-white/30 tracking-wi..."}
-                                     className={"jsx-3d19c5d01b50b166 font-['Orbitron',_sans-serif] text-[10px] text..."}
                                    >
+                                     19/07/2026
-                                     7/19/2026
                                ...
                              ...
                      ...
                    ...
          ...

    at throwOnHydrationMismatch (http://localhost:3000/_next/static/chunks/1c00e_next_dist_compiled_react-dom_a45b5be8._.js:3348:56)
    at completeWork (http://localhost:3000/_next/static/chunks/1c00e_next_dist_compiled_react-dom_a45b5be8._.js:7032:36)
    at runWithFiberInDEV (http://localhost:3000/_next/static/chunks/1c00e_next_dist_compiled_react-dom_a45b5be8._.js:965:74)
    at completeUnitOfWork (http://localhost:3000/_next/static/chunks/1c00e_next_dist_compiled_react-dom_a45b5be8._.js:9627:23)
    at performUnitOfWork (http://localhost:3000/_next/static/chunks/1c00e_next_dist_compiled_react-dom_a45b5be8._.js:9564:28)
    at workLoopConcurrentByScheduler (http://localhost:3000/_next/static/chunks/1c00e_next_dist_compiled_react-dom_a45b5be8._.js:9558:58)
    at renderRootConcurrent (http://localhost:3000/_next/static/chunks/1c00e_next_dist_compiled_react-dom_a45b5be8._.js:9541:71)
    at performWorkOnRoot (http://localhost:3000/_next/static/chunks/1c00e_next_dist_compiled_react-dom_a45b5be8._.js:9068:150)
    at performWorkOnRootViaSchedulerTask (http://localhost:3000/_next/static/chunks/1c00e_next_dist_compiled_react-dom_a45b5be8._.js:10230:9)
    at MessagePort.performWorkUntilDeadline (http://localhost:3000/_next/static/chunks/1c00e_next_dist_compiled_cf10270e._.js:2647:64)
[    2324ms] [LOG] [Fast Refresh] done in 255ms @ http://localhost:3000/_next/static/chunks/1c00e_next_dist_eea94517._.js:2297
[    2426ms] [LOG] %c[Vercel Web Analytics]%c Debug mode is enabled by default in development. No requests will be sent to the server. color: rgb(120, 120, 120) color: inherit @ http://localhost:3000/_next/static/chunks/1c00e_next_dist_eea94517._.js:2297
[    2427ms] [LOG] %c[Vercel Web Analytics]%c Running queued event color: rgb(120, 120, 120) color: inherit pageview {route: /events, path: /events} @ http://localhost:3000/_next/static/chunks/1c00e_next_dist_eea94517._.js:2297
[    2427ms] [LOG] %c[Vercel Web Analytics]%c Running queued event color: rgb(120, 120, 120) color: inherit pageview {route: /events, path: /events} @ http://localhost:3000/_next/static/chunks/1c00e_next_dist_eea94517._.js:2297
[    2427ms] [LOG] %c[Vercel Web Analytics]%c [view] http://localhost:3000/events color: rgb(120, 120, 120) color: inherit {o: http://localhost:3000/events, sv: 0.1.3, sdkn: @vercel/analytics/next, sdkv: 1.6.1, ts: 1784473640770} /_vercel/insights/view @ http://localhost:3000/_next/static/chunks/1c00e_next_dist_eea94517._.js:2297
[    2427ms] [LOG] %c[Vercel Web Analytics]%c [view] http://localhost:3000/events color: rgb(120, 120, 120) color: inherit {o: http://localhost:3000/events, sv: 0.1.3, sdkn: @vercel/analytics/next, sdkv: 1.6.1, ts: 1784473640771} /_vercel/insights/view @ http://localhost:3000/_next/static/chunks/1c00e_next_dist_eea94517._.js:2297
[ 1039466ms] [LOG] [Fast Refresh] rebuilding @ http://localhost:3000/_next/static/chunks/1c00e_next_dist_eea94517._.js:2297
[ 1039674ms] [LOG] [Fast Refresh] done in 298ms @ http://localhost:3000/_next/static/chunks/1c00e_next_dist_eea94517._.js:2297
[ 1088649ms] [LOG] [Fast Refresh] rebuilding @ http://localhost:3000/_next/static/chunks/1c00e_next_dist_eea94517._.js:2297
[ 1089059ms] [LOG] [Fast Refresh] done in 228ms @ http://localhost:3000/_next/static/chunks/1c00e_next_dist_eea94517._.js:2297
[ 1089530ms] [LOG] [Fast Refresh] rebuilding @ http://localhost:3000/_next/static/chunks/1c00e_next_dist_eea94517._.js:2297
[ 1089560ms] [LOG] [Fast Refresh] done in 131ms @ http://localhost:3000/_next/static/chunks/1c00e_next_dist_eea94517._.js:2297
[ 1089665ms] [LOG] [Fast Refresh] rebuilding @ http://localhost:3000/_next/static/chunks/1c00e_next_dist_eea94517._.js:2297
[ 1089793ms] [LOG] [Fast Refresh] done in 228ms @ http://localhost:3000/_next/static/chunks/1c00e_next_dist_eea94517._.js:2297
[ 1145266ms] [LOG] [Fast Refresh] rebuilding @ http://localhost:3000/_next/static/chunks/1c00e_next_dist_eea94517._.js:2297
[ 1145419ms] [LOG] [Fast Refresh] done in 226ms @ http://localhost:3000/_next/static/chunks/1c00e_next_dist_eea94517._.js:2297
[ 1220667ms] [LOG] [Fast Refresh] rebuilding @ http://localhost:3000/_next/static/chunks/1c00e_next_dist_eea94517._.js:2297
[ 1220774ms] [LOG] [Fast Refresh] done in 207ms @ http://localhost:3000/_next/static/chunks/1c00e_next_dist_eea94517._.js:2297
[ 1227648ms] [LOG] [Fast Refresh] rebuilding @ http://localhost:3000/_next/static/chunks/1c00e_next_dist_eea94517._.js:2297
[ 1228514ms] [LOG] [Fast Refresh] done in 967ms @ http://localhost:3000/_next/static/chunks/1c00e_next_dist_eea94517._.js:2297
[ 1228615ms] [LOG] [Fast Refresh] rebuilding @ http://localhost:3000/_next/static/chunks/1c00e_next_dist_eea94517._.js:2297
[ 1228630ms] [LOG] [Fast Refresh] done in 114ms @ http://localhost:3000/_next/static/chunks/1c00e_next_dist_eea94517._.js:2297
[ 1235050ms] [LOG] [Fast Refresh] rebuilding @ http://localhost:3000/_next/static/chunks/1c00e_next_dist_eea94517._.js:2297
[ 1236014ms] [LOG] [Fast Refresh] done in 1064ms @ http://localhost:3000/_next/static/chunks/1c00e_next_dist_eea94517._.js:2297
[ 1236116ms] [LOG] [Fast Refresh] rebuilding @ http://localhost:3000/_next/static/chunks/1c00e_next_dist_eea94517._.js:2297
[ 1236212ms] [LOG] [Fast Refresh] done in 197ms @ http://localhost:3000/_next/static/chunks/1c00e_next_dist_eea94517._.js:2297
[ 3272505ms] [LOG] [HMR] connected @ http://localhost:3000/_next/static/chunks/1c00e_next_dist_eea94517._.js:2297
[ 3272668ms] [LOG] [Fast Refresh] rebuilding @ http://localhost:3000/_next/static/chunks/1c00e_next_dist_eea94517._.js:2297
[ 3272708ms] [LOG] [Fast Refresh] done in 148ms @ http://localhost:3000/_next/static/chunks/1c00e_next_dist_eea94517._.js:2297
[ 3474470ms] [LOG] [Fast Refresh] rebuilding @ http://localhost:3000/_next/static/chunks/1c00e_next_dist_eea94517._.js:2297
[ 3475170ms] [LOG] [Fast Refresh] done in 790ms @ http://localhost:3000/_next/static/chunks/1c00e_next_dist_eea94517._.js:2297
[ 3606221ms] [LOG] [Fast Refresh] rebuilding @ http://localhost:3000/_next/static/chunks/1c00e_next_dist_eea94517._.js:2297
[ 3606688ms] [LOG] [Fast Refresh] done in 560ms @ http://localhost:3000/_next/static/chunks/1c00e_next_dist_eea94517._.js:2297
[ 3678437ms] [LOG] [Fast Refresh] rebuilding @ http://localhost:3000/_next/static/chunks/1c00e_next_dist_eea94517._.js:2297
[ 3678763ms] [LOG] [Fast Refresh] done in 402ms @ http://localhost:3000/_next/static/chunks/1c00e_next_dist_eea94517._.js:2297
[ 3680234ms] [LOG] [Fast Refresh] rebuilding @ http://localhost:3000/_next/static/chunks/1c00e_next_dist_eea94517._.js:2297
[ 3680500ms] [LOG] [Fast Refresh] done in 348ms @ http://localhost:3000/_next/static/chunks/1c00e_next_dist_eea94517._.js:2297
[ 3758887ms] [LOG] [Fast Refresh] rebuilding @ http://localhost:3000/_next/static/chunks/1c00e_next_dist_eea94517._.js:2297
[ 3759528ms] [LOG] [Fast Refresh] done in 735ms @ http://localhost:3000/_next/static/chunks/1c00e_next_dist_eea94517._.js:2297
[ 3772371ms] [LOG] [Fast Refresh] rebuilding @ http://localhost:3000/_next/static/chunks/1c00e_next_dist_eea94517._.js:2297
[ 3772656ms] [LOG] [Fast Refresh] done in 353ms @ http://localhost:3000/_next/static/chunks/1c00e_next_dist_eea94517._.js:2297
[ 3856981ms] [LOG] [Fast Refresh] rebuilding @ http://localhost:3000/_next/static/chunks/1c00e_next_dist_eea94517._.js:2297
[ 3857186ms] [LOG] [Fast Refresh] done in 305ms @ http://localhost:3000/_next/static/chunks/1c00e_next_dist_eea94517._.js:2297
[ 3919559ms] [LOG] [Fast Refresh] rebuilding @ http://localhost:3000/_next/static/chunks/1c00e_next_dist_eea94517._.js:2297
[ 3919970ms] [LOG] [Fast Refresh] done in 490ms @ http://localhost:3000/_next/static/chunks/1c00e_next_dist_eea94517._.js:2297
[ 3930067ms] [LOG] [Fast Refresh] rebuilding @ http://localhost:3000/_next/static/chunks/1c00e_next_dist_eea94517._.js:2297
[ 3930678ms] [LOG] [Fast Refresh] done in 689ms @ http://localhost:3000/_next/static/chunks/1c00e_next_dist_eea94517._.js:2297
[ 3937576ms] [LOG] [Fast Refresh] rebuilding @ http://localhost:3000/_next/static/chunks/1c00e_next_dist_eea94517._.js:2297
[ 3937818ms] [LOG] [Fast Refresh] done in 323ms @ http://localhost:3000/_next/static/chunks/1c00e_next_dist_eea94517._.js:2297
[ 3942303ms] [LOG] [Fast Refresh] rebuilding @ http://localhost:3000/_next/static/chunks/1c00e_next_dist_eea94517._.js:2297
[ 3942513ms] [LOG] [Fast Refresh] done in 290ms @ http://localhost:3000/_next/static/chunks/1c00e_next_dist_eea94517._.js:2297
[ 3946189ms] [LOG] [Fast Refresh] rebuilding @ http://localhost:3000/_next/static/chunks/1c00e_next_dist_eea94517._.js:2297
[ 3946537ms] [LOG] [Fast Refresh] done in 423ms @ http://localhost:3000/_next/static/chunks/1c00e_next_dist_eea94517._.js:2297
[ 3953094ms] [LOG] [Fast Refresh] rebuilding @ http://localhost:3000/_next/static/chunks/1c00e_next_dist_eea94517._.js:2297
[ 3953365ms] [LOG] [Fast Refresh] done in 353ms @ http://localhost:3000/_next/static/chunks/1c00e_next_dist_eea94517._.js:2297
[ 3954027ms] [LOG] [Fast Refresh] rebuilding @ http://localhost:3000/_next/static/chunks/1c00e_next_dist_eea94517._.js:2297
[ 3954042ms] [LOG] [Fast Refresh] done in 115ms @ http://localhost:3000/_next/static/chunks/1c00e_next_dist_eea94517._.js:2297
[ 3956600ms] [LOG] [Fast Refresh] rebuilding @ http://localhost:3000/_next/static/chunks/1c00e_next_dist_eea94517._.js:2297
[ 3956820ms] [LOG] [Fast Refresh] done in 304ms @ http://localhost:3000/_next/static/chunks/1c00e_next_dist_eea94517._.js:2297
[ 3960174ms] [LOG] [Fast Refresh] rebuilding @ http://localhost:3000/_next/static/chunks/1c00e_next_dist_eea94517._.js:2297
[ 3960355ms] [LOG] [Fast Refresh] done in 265ms @ http://localhost:3000/_next/static/chunks/1c00e_next_dist_eea94517._.js:2297
[ 3967100ms] [LOG] [Fast Refresh] rebuilding @ http://localhost:3000/_next/static/chunks/1c00e_next_dist_eea94517._.js:2297
[ 3968287ms] [LOG] [Fast Refresh] done in 1288ms @ http://localhost:3000/_next/static/chunks/1c00e_next_dist_eea94517._.js:2297
[ 3968388ms] [LOG] [Fast Refresh] rebuilding @ http://localhost:3000/_next/static/chunks/1c00e_next_dist_eea94517._.js:2297
[ 3968496ms] [LOG] [Fast Refresh] done in 207ms @ http://localhost:3000/_next/static/chunks/1c00e_next_dist_eea94517._.js:2297
[ 3971157ms] [LOG] [Fast Refresh] rebuilding @ http://localhost:3000/_next/static/chunks/1c00e_next_dist_eea94517._.js:2297
[ 3971221ms] [LOG] [Fast Refresh] done in 164ms @ http://localhost:3000/_next/static/chunks/1c00e_next_dist_eea94517._.js:2297
[ 3977794ms] [LOG] [Fast Refresh] rebuilding @ http://localhost:3000/_next/static/chunks/1c00e_next_dist_eea94517._.js:2297
[ 3978063ms] [LOG] [Fast Refresh] done in 349ms @ http://localhost:3000/_next/static/chunks/1c00e_next_dist_eea94517._.js:2297
[ 4413532ms] [LOG] [Fast Refresh] rebuilding @ http://localhost:3000/_next/static/chunks/1c00e_next_dist_eea94517._.js:2297
[ 4414594ms] [LOG] [Fast Refresh] done in 106ms @ http://localhost:3000/_next/static/chunks/1c00e_next_dist_eea94517._.js:2297
[ 4418348ms] [LOG] [Fast Refresh] rebuilding @ http://localhost:3000/_next/static/chunks/1c00e_next_dist_eea94517._.js:2297
[ 4419057ms] [LOG] [Fast Refresh] done in 791ms @ http://localhost:3000/_next/static/chunks/1c00e_next_dist_eea94517._.js:2297
[ 4614818ms] [LOG] [Fast Refresh] rebuilding @ http://localhost:3000/_next/static/chunks/1c00e_next_dist_eea94517._.js:2297
[ 4614982ms] [LOG] [Fast Refresh] done in 264ms @ http://localhost:3000/_next/static/chunks/1c00e_next_dist_eea94517._.js:2297
[ 4756211ms] [LOG] [Fast Refresh] rebuilding @ http://localhost:3000/_next/static/chunks/1c00e_next_dist_eea94517._.js:2297
[ 4757828ms] [LOG] [Fast Refresh] done in 1700ms @ http://localhost:3000/_next/static/chunks/1c00e_next_dist_eea94517._.js:2297
[ 4759056ms] [LOG] [Fast Refresh] rebuilding @ http://localhost:3000/_next/static/chunks/1c00e_next_dist_eea94517._.js:2297
[ 4759104ms] [LOG] [Fast Refresh] done in 149ms @ http://localhost:3000/_next/static/chunks/1c00e_next_dist_eea94517._.js:2297
[ 4762835ms] [LOG] [Fast Refresh] rebuilding @ http://localhost:3000/_next/static/chunks/1c00e_next_dist_eea94517._.js:2297
[ 4763572ms] [LOG] [Fast Refresh] done in 821ms @ http://localhost:3000/_next/static/chunks/1c00e_next_dist_eea94517._.js:2297
[ 4763949ms] [LOG] [Fast Refresh] rebuilding @ http://localhost:3000/_next/static/chunks/1c00e_next_dist_eea94517._.js:2297
[ 4764191ms] [LOG] [Fast Refresh] done in 343ms @ http://localhost:3000/_next/static/chunks/1c00e_next_dist_eea94517._.js:2297
[ 4773864ms] [LOG] [Fast Refresh] rebuilding @ http://localhost:3000/_next/static/chunks/1c00e_next_dist_eea94517._.js:2297
[ 4774041ms] [LOG] [Fast Refresh] done in 258ms @ http://localhost:3000/_next/static/chunks/1c00e_next_dist_eea94517._.js:2297
[ 4776937ms] [LOG] [Fast Refresh] rebuilding @ http://localhost:3000/_next/static/chunks/1c00e_next_dist_eea94517._.js:2297
[ 4776941ms] [LOG] [Fast Refresh] done in 105ms @ http://localhost:3000/_next/static/chunks/1c00e_next_dist_eea94517._.js:2297
[ 4785342ms] [LOG] [Fast Refresh] rebuilding @ http://localhost:3000/_next/static/chunks/1c00e_next_dist_eea94517._.js:2297
[ 4786554ms] [LOG] [Fast Refresh] done in 1313ms @ http://localhost:3000/_next/static/chunks/1c00e_next_dist_eea94517._.js:2297
[ 4787230ms] [LOG] [Fast Refresh] rebuilding @ http://localhost:3000/_next/static/chunks/1c00e_next_dist_eea94517._.js:2297
[ 4787453ms] [LOG] [Fast Refresh] done in 325ms @ http://localhost:3000/_next/static/chunks/1c00e_next_dist_eea94517._.js:2297
[ 4789975ms] [LOG] [Fast Refresh] rebuilding @ http://localhost:3000/_next/static/chunks/1c00e_next_dist_eea94517._.js:2297
[ 4790863ms] [LOG] [Fast Refresh] done in 978ms @ http://localhost:3000/_next/static/chunks/1c00e_next_dist_eea94517._.js:2297
[13298964ms] [LOG] [Fast Refresh] rebuilding @ http://localhost:3000/_next/static/chunks/1c00e_next_dist_eea94517._.js:2297
[13299075ms] [LOG] [Fast Refresh] done in 223ms @ http://localhost:3000/_next/static/chunks/1c00e_next_dist_eea94517._.js:2297
[13301225ms] [LOG] [Fast Refresh] rebuilding @ http://localhost:3000/_next/static/chunks/1c00e_next_dist_eea94517._.js:2297
[13303031ms] [LOG] [Fast Refresh] done in 1906ms @ http://localhost:3000/_next/static/chunks/1c00e_next_dist_eea94517._.js:2297
[13303133ms] [LOG] [Fast Refresh] rebuilding @ http://localhost:3000/_next/static/chunks/1c00e_next_dist_eea94517._.js:2297
[13303213ms] [LOG] [Fast Refresh] done in 180ms @ http://localhost:3000/_next/static/chunks/1c00e_next_dist_eea94517._.js:2297
[13307493ms] [LOG] [Fast Refresh] rebuilding @ http://localhost:3000/_next/static/chunks/1c00e_next_dist_eea94517._.js:2297
[13307741ms] [LOG] [Fast Refresh] done in 348ms @ http://localhost:3000/_next/static/chunks/1c00e_next_dist_eea94517._.js:2297
[13315637ms] [LOG] [Fast Refresh] rebuilding @ http://localhost:3000/_next/static/chunks/1c00e_next_dist_eea94517._.js:2297
[13316762ms] [LOG] [Fast Refresh] done in 1225ms @ http://localhost:3000/_next/static/chunks/1c00e_next_dist_eea94517._.js:2297
[13316863ms] [LOG] [Fast Refresh] rebuilding @ http://localhost:3000/_next/static/chunks/1c00e_next_dist_eea94517._.js:2297
[13317089ms] [LOG] [Fast Refresh] done in 327ms @ http://localhost:3000/_next/static/chunks/1c00e_next_dist_eea94517._.js:2297
[13319200ms] [LOG] [Fast Refresh] rebuilding @ http://localhost:3000/_next/static/chunks/1c00e_next_dist_eea94517._.js:2297
[13320351ms] [LOG] [Fast Refresh] done in 1251ms @ http://localhost:3000/_next/static/chunks/1c00e_next_dist_eea94517._.js:2297
[13320456ms] [LOG] [Fast Refresh] rebuilding @ http://localhost:3000/_next/static/chunks/1c00e_next_dist_eea94517._.js:2297
[13320646ms] [LOG] [Fast Refresh] done in 295ms @ http://localhost:3000/_next/static/chunks/1c00e_next_dist_eea94517._.js:2297
[13561589ms] [LOG] [Fast Refresh] rebuilding @ http://localhost:3000/_next/static/chunks/1c00e_next_dist_eea94517._.js:2297
[13561709ms] [LOG] [Fast Refresh] done in 229ms @ http://localhost:3000/_next/static/chunks/1c00e_next_dist_eea94517._.js:2297
[15012273ms] [LOG] [HMR] connected @ http://localhost:3000/_next/static/chunks/1c00e_next_dist_eea94517._.js:2297
[16410326ms] [LOG] [HMR] connected @ http://localhost:3000/_next/static/chunks/1c00e_next_dist_eea94517._.js:2297
[24475443ms] [LOG] [HMR] connected @ http://localhost:3000/_next/static/chunks/1c00e_next_dist_eea94517._.js:2297
[67790414ms] [LOG] [HMR] connected @ http://localhost:3000/_next/static/chunks/1c00e_next_dist_eea94517._.js:2297
[68687852ms] [LOG] [HMR] connected @ http://localhost:3000/_next/static/chunks/1c00e_next_dist_eea94517._.js:2297
[68701931ms] [LOG] [HMR] connected @ http://localhost:3000/_next/static/chunks/1c00e_next_dist_eea94517._.js:2297
[68715228ms] [LOG] [HMR] connected @ http://localhost:3000/_next/static/chunks/1c00e_next_dist_eea94517._.js:2297
[69826889ms] [LOG] [HMR] connected @ http://localhost:3000/_next/static/chunks/1c00e_next_dist_eea94517._.js:2297
